Writing default configuration to ./cabal-config
Writing default configuration to ./cabal-config
